<?xml version="1.0" encoding="UTF-8"?>
<testsuites name="React App Tests" tests="1" failures="0" errors="0" time="0.554">
  <testsuite name="undefined" errors="0" failures="0" skipped="0" timestamp="2025-12-30T05:28:05" time="0.251" tests="1">
    <testcase classname=" renders home heading" name=" renders home heading" time="0.02">
    </testcase>
  </testsuite>
</testsuites>